###############################################################################
#
# IAR ELF Linker V8.32.3.193/W32 for ARM                  18/Mar/2021  12:16:37
# Copyright 2007-2019 IAR Systems AB.
#
#    Output file  =  C:\Users\Евгений\Pyro\EWARM\Debug\Exe\project.out
#    Map file     =  C:\Users\Евгений\Pyro\EWARM\Debug\List\project.map
#    Command line =  
#        -f C:\Users\B7E3~1\AppData\Local\Temp\EW94C1.tmp
#        (C:\Users\Евгений\Pyro\EWARM\Debug\Obj\gpio.o
#        C:\Users\Евгений\Pyro\EWARM\Debug\Obj\main.o
#        C:\Users\Евгений\Pyro\EWARM\Debug\Obj\startup_stm32l071xx.o
#        C:\Users\Евгений\Pyro\EWARM\Debug\Obj\stm32l0xx_it.o
#        C:\Users\Евгений\Pyro\EWARM\Debug\Obj\system_stm32l0xx.o
#        C:\Users\Евгений\Pyro\EWARM\Debug\Obj\tim.o
#        C:\Users\Евгений\Pyro\EWARM\Debug\Obj\usart.o
#        --printf_multibytes --no_out_extension -o
#        C:\Users\Евгений\Pyro\EWARM\Debug\Exe\project.out --map
#        C:\Users\Евгений\Pyro\EWARM\Debug\List\project.map --config
#        C:\Users\Евгений\Pyro\EWARM\stm32l071xx_flash.icf --semihosting
#        --entry __iar_program_start --vfe --text_out locale)
#
###############################################################################

*******************************************************************************
*** MESSAGES
***

Warning[Li025]: no definition for "_Printf" provides all needed features:
          ["multibytes"]


*******************************************************************************
*** RUNTIME MODEL ATTRIBUTES
***

CppFlavor                     = *
__CPP_Exceptions              = Disabled
__CPP_Language                = C++14
__Heap_Handler                = Basic
__SystemLibrary               = DLib
__dlib_dynamic_initialization = normal
__dlib_version                = 6


*******************************************************************************
*** HEAP SELECTION
***

The basic heap was selected because no calls to memory allocation
functions were found in the application outside of system library
functions, and there are calls to deallocation functions in the
application.


*******************************************************************************
*** PLACEMENT SUMMARY
***

"A0":  place at 0x800'0000 { ro section .intvec };
"P1":  place in [from 0x800'0000 to 0x802'ffff] { ro };
define block CSTACK with size = 1K, alignment = 8 { };
define block HEAP with size = 512, alignment = 8 { };
"P2":  place in [from 0x2000'0000 to 0x2000'4fff] {
          rw, block CSTACK, block HEAP };
initialize by copy { rw };

  Section                Kind         Address   Size  Object
  -------                ----         -------   ----  ------
"A0":                                           0xc0
  .intvec                ro code   0x800'0000   0xc0  startup_stm32l071xx.o [1]
                                 - 0x800'00c0   0xc0

"P1":                                          0x889
  .text                  ro code   0x800'00c0  0x26c  usart.o [1]
  .text                  ro code   0x800'032c   0xae  I32DivModFast.o [4]
  .text                  ro code   0x800'03da    0x2  startup_stm32l071xx.o [1]
  .text                  ro code   0x800'03dc    0x2  IntDivZer.o [4]
  .text                  ro code   0x800'03de    0x2  startup_stm32l071xx.o [1]
  .text                  ro code   0x800'03e0  0x158  system_stm32l0xx.o [1]
  .text                  ro code   0x800'0538  0x112  tim.o [1]
  .text                  ro code   0x800'064a    0x2  startup_stm32l071xx.o [1]
  .text                  ro code   0x800'064c   0xf0  main.o [1]
  .text                  ro code   0x800'073c   0x1c  gpio.o [1]
  .text                  ro code   0x800'0758   0x80  stm32l0xx_it.o [1]
  .text                  ro code   0x800'07d8   0x3c  packbits_init_single.o [4]
  .text                  ro code   0x800'0814   0x28  data_init.o [4]
  .iar.init_table        const     0x800'083c   0x14  - Linker created -
  .text                  ro code   0x800'0850   0x20  cmain_call_ctors.o [4]
  .text                  ro code   0x800'0870   0x18  cppinit.o [2]
  .text                  ro code   0x800'0888   0x1e  cmain.o [4]
  .text                  ro code   0x800'08a6    0x4  low_level_init.o [2]
  .text                  ro code   0x800'08aa    0x8  exit.o [2]
  .text                  ro code   0x800'08b2    0x2  startup_stm32l071xx.o [1]
  .text                  ro code   0x800'08b4    0xa  cexit.o [4]
  .text                  ro code   0x800'08be    0x2  startup_stm32l071xx.o [1]
  .text                  ro code   0x800'08c0   0x14  exit.o [5]
  .rodata                const     0x800'08d4   0x10  system_stm32l0xx.o [1]
  .text                  ro code   0x800'08e4   0x10  startup_stm32l071xx.o [1]
  .rodata                const     0x800'08f4    0xc  system_stm32l0xx.o [1]
  .text                  ro code   0x800'0900    0xc  cstartup_M.o [4]
  SHT$$PREINIT_ARRAY               0x800'090c    0x0  <Block>
  SHT$$INIT_ARRAY                  0x800'090c    0x4  <Block>
    .init_array          const     0x800'090c    0x4  usart.o [1]
  __iar_tls$$INIT_ARRAY            0x800'0910    0x0  <Block>
  .text                  ro code   0x800'0910    0x2  startup_stm32l071xx.o [1]
  .text                  ro code   0x800'0912    0x2  startup_stm32l071xx.o [1]
  .text                  ro code   0x800'0914    0x2  startup_stm32l071xx.o [1]
  .text                  ro code   0x800'0916    0x2  startup_stm32l071xx.o [1]
  .text                  ro code   0x800'0918    0x2  startup_stm32l071xx.o [1]
  .text                  ro code   0x800'091a    0x2  startup_stm32l071xx.o [1]
  .text                  ro code   0x800'091c    0x2  startup_stm32l071xx.o [1]
  .text                  ro code   0x800'091e    0x2  startup_stm32l071xx.o [1]
  .text                  ro code   0x800'0920    0x2  startup_stm32l071xx.o [1]
  .text                  ro code   0x800'0922    0x2  startup_stm32l071xx.o [1]
  .text                  ro code   0x800'0924    0x2  startup_stm32l071xx.o [1]
  .text                  ro code   0x800'0926    0x2  startup_stm32l071xx.o [1]
  .text                  ro code   0x800'0928    0x2  startup_stm32l071xx.o [1]
  .text                  ro code   0x800'092a    0x2  startup_stm32l071xx.o [1]
  .text                  ro code   0x800'092c    0x2  startup_stm32l071xx.o [1]
  .text                  ro code   0x800'092e    0x2  startup_stm32l071xx.o [1]
  .text                  ro code   0x800'0930    0x2  startup_stm32l071xx.o [1]
  .text                  ro code   0x800'0932    0x2  startup_stm32l071xx.o [1]
  .text                  ro code   0x800'0934    0x2  startup_stm32l071xx.o [1]
  .text                  ro code   0x800'0936    0x2  startup_stm32l071xx.o [1]
  .text                  ro code   0x800'0938    0x2  startup_stm32l071xx.o [1]
  .text                  ro code   0x800'093a    0x2  startup_stm32l071xx.o [1]
  .text                  ro code   0x800'093c    0x2  startup_stm32l071xx.o [1]
  .text                  ro code   0x800'093e    0x2  startup_stm32l071xx.o [1]
  .text                  ro code   0x800'0940    0x2  startup_stm32l071xx.o [1]
  .rodata                const     0x800'0942    0x1  unwind_debug.o [5]
  .rodata                const     0x800'0943    0x0  packbits_init_single.o [4]
  Initializer bytes      const     0x800'0943    0x6  <for P2-1>
                                 - 0x800'0949  0x889

"P2", part 1 of 2:                              0x14
  P2-1                            0x2000'0000   0x14  <Init block>
    .data                inited   0x2000'0000    0x4  system_stm32l0xx.o [1]
    .bss                 inited   0x2000'0004   0x10  usart.o [1]
                                - 0x2000'0014   0x14

"P2", part 2 of 2:                             0x400
  CSTACK                          0x2000'0018  0x400  <Block>
    CSTACK               uninit   0x2000'0018  0x400  <Block tail>
                                - 0x2000'0418  0x400

Unused ranges:

         From           To      Size
         ----           --      ----
   0x800'0949   0x802'ffff  0x2'f6b7
  0x2000'0014  0x2000'0017       0x4
  0x2000'0418  0x2000'4fff    0x4be8


*******************************************************************************
*** INIT TABLE
***

          Address      Size
          -------      ----
Copy/packbits (__iar_packbits_init_single3)
    1 source range, total size 0x6 (30% of destination):
           0x800'0943   0x6
    1 destination range, total size 0x14:
          0x2000'0000  0x14

Extra (__iar_cstart_call_ctors)



*******************************************************************************
*** MODULE SUMMARY
***

    Module                  ro code  ro data  rw data
    ------                  -------  -------  -------
command line/config:
    -------------------------------------------------
    Total:

C:\Users\Евгений\Pyro\EWARM\Debug\Obj: [1]
    gpio.o                       28
    main.o                      240
    startup_stm32l071xx.o       268
    stm32l0xx_it.o              128
    system_stm32l0xx.o          344       29        4
    tim.o                       274
    usart.o                     620        9       16
    -------------------------------------------------
    Total:                    1 902       38       20

dl6M_tln.a: [2]
    cppinit.o                    24
    exit.o                        8
    low_level_init.o              4
    -------------------------------------------------
    Total:                       36

dlpp6M_tl_nc.a: [3]
    -------------------------------------------------
    Total:

rt6M_tl.a: [4]
    I32DivModFast.o             174
    IntDivZer.o                   2
    cexit.o                      10
    cmain.o                      30
    cmain_call_ctors.o           32
    cstartup_M.o                 12
    data_init.o                  40
    packbits_init_single.o       60
    -------------------------------------------------
    Total:                      360

shb_l.a: [5]
    exit.o                       20
    unwind_debug.o                         1
    -------------------------------------------------
    Total:                       20        1

    Linker created                        20    1 024
-----------------------------------------------------
    Grand Total:              2 318       59    1 044


*******************************************************************************
*** ENTRY LIST
***

Entry                       Address  Size  Type      Object
-----                       -------  ----  ----      ------
.iar.init_table$$Base    0x800'083c         --   Gb  - Linker created -
.iar.init_table$$Limit   0x800'0850         --   Gb  - Linker created -
?main                    0x800'0889        Code  Gb  cmain.o [4]
AHBPrescTable            0x800'08d4  0x10  Data  Gb  system_stm32l0xx.o [1]
CSTACK$$Base            0x2000'0018         --   Gb  - Linker created -
CSTACK$$Limit           0x2000'0418         --   Gb  - Linker created -
DMA1_Channel2_3_IRQHandler
                         0x800'0763  0x60  Code  Gb  stm32l0xx_it.o [1]
LED_Init()               0x800'073d  0x1c  Code  Gb  gpio.o [1]
PLLMulTable              0x800'08f4   0xc  Data  Gb  system_stm32l0xx.o [1]
Region$$Table$$Base      0x800'083c         --   Gb  - Linker created -
Region$$Table$$Limit     0x800'0850         --   Gb  - Linker created -
SHT$$INIT_ARRAY$$Base    0x800'090c         --   Gb  - Linker created -
SHT$$INIT_ARRAY$$Limit   0x800'0910         --   Gb  - Linker created -
SHT$$PREINIT_ARRAY$$Base
                         0x800'090c         --   Gb  - Linker created -
SHT$$PREINIT_ARRAY$$Limit
                         0x800'090c         --   Gb  - Linker created -
SystemClockSetting()     0x800'0689  0x86  Code  Gb  main.o [1]
SystemCoreClock         0x2000'0000   0x4  Data  Gb  system_stm32l0xx.o [1]
SystemCoreClockUpdate    0x800'042d  0xca  Code  Gb  system_stm32l0xx.o [1]
SystemInit               0x800'03e1  0x4c  Code  Gb  system_stm32l0xx.o [1]
TIM6_IRQHandler          0x800'0759   0x8  Code  Gb  stm32l0xx_it.o [1]
TIM6_Init(unsigned short, unsigned short)
                         0x800'05d1  0x4a  Code  Gb  tim.o [1]
TIM_Enable(TIM_TypeDef *)
                         0x800'0641   0xa  Code  Gb  tim.o [1]
UART                    0x2000'0004  0x10  Data  Gb  usart.o [1]
USART1_IRQHandler        0x800'0761   0x2  Code  Gb  stm32l0xx_it.o [1]
UartDriver::Init()       0x800'017b  0xbc  Code  Gb  usart.o [1]
UartDriver::Receive()    0x800'0295  0x26  Code  Gb  usart.o [1]
UartDriver::Transmit()   0x800'0237  0x5e  Code  Gb  usart.o [1]
UartDriver::UartDriver()
                         0x800'0163  0x18  Code  Gb  usart.o [1]
[local to tim_c]::NVIC_EnableIRQ(IRQn_Type)
                         0x800'0539   0xe  Code  Lc  tim.o [1]
[local to tim_c]::NVIC_SetPriority(IRQn_Type, unsigned int)
                         0x800'0547  0x8a  Code  Lc  tim.o [1]
[local to usart_cpp]::NVIC_EnableIRQ(IRQn_Type)
                         0x800'00cb   0xe  Code  Lc  usart.o [1]
[local to usart_cpp]::NVIC_SetPriority(IRQn_Type, unsigned int)
                         0x800'00d9  0x8a  Code  Lc  usart.o [1]
__aeabi_idiv0            0x800'03dd        Code  Gb  IntDivZer.o [4]
__aeabi_uidiv            0x800'032d        Code  Gb  I32DivModFast.o [4]
__aeabi_uidivmod         0x800'032d        Code  Gb  I32DivModFast.o [4]
__call_ctors             0x800'0871  0x18  Code  Gb  cppinit.o [2]
__cmain                  0x800'0889        Code  Gb  cmain.o [4]
__exit                   0x800'08c1  0x14  Code  Gb  exit.o [5]
__iar_cstart_call_ctors
                         0x800'0851  0x20  Code  Gb  cmain_call_ctors.o [4]
__iar_data_init3         0x800'0815  0x28  Code  Gb  data_init.o [4]
__iar_debug_exceptions   0x800'0942   0x1  Data  Gb  unwind_debug.o [5]
__iar_packbits_init_single3
                         0x800'07d9  0x3c  Code  Gb  packbits_init_single.o [4]
__iar_program_start      0x800'0901        Code  Gb  cstartup_M.o [4]
__iar_tls$$INIT_ARRAY$$Base
                         0x800'0910         --   Gb  - Linker created -
__iar_tls$$INIT_ARRAY$$Limit
                         0x800'0910         --   Gb  - Linker created -
__low_level_init         0x800'08a7   0x4  Code  Gb  low_level_init.o [2]
__sti__routine           0x800'00c1   0xa  Code  Lc  usart.o [1]
__vector_table           0x800'0000        Data  Gb  startup_stm32l071xx.o [1]
_call_main               0x800'0895        Code  Gb  cmain.o [4]
_exit                    0x800'08b5        Code  Gb  cexit.o [4]
_main                    0x800'08a3        Code  Gb  cmain.o [4]
exit                     0x800'08ab   0x8  Code  Gb  exit.o [2]
main                     0x800'064d  0x3c  Code  Gb  main.o [1]


[1] = C:\Users\Евгений\Pyro\EWARM\Debug\Obj
[2] = dl6M_tln.a
[3] = dlpp6M_tl_nc.a
[4] = rt6M_tl.a
[5] = shb_l.a

  2 318 bytes of readonly  code memory
     59 bytes of readonly  data memory
  1 044 bytes of readwrite data memory

Errors: none
Warnings: 1
