###############################################################################
#
# IAR ELF Linker V8.32.3.193/W32 for ARM                  23/Mar/2021  10:44:48
# Copyright 2007-2019 IAR Systems AB.
#
#    Output file  =  C:\Users\Евгений\Pyro\EWARM\Debug\Exe\project.out
#    Map file     =  C:\Users\Евгений\Pyro\EWARM\Debug\List\project.map
#    Command line =  
#        -f C:\Users\B7E3~1\AppData\Local\Temp\EW5173.tmp
#        (C:\Users\Евгений\Pyro\EWARM\Debug\Obj\gpio.o
#        C:\Users\Евгений\Pyro\EWARM\Debug\Obj\main.o
#        C:\Users\Евгений\Pyro\EWARM\Debug\Obj\pyro.o
#        C:\Users\Евгений\Pyro\EWARM\Debug\Obj\startup_stm32l071xx.o
#        C:\Users\Евгений\Pyro\EWARM\Debug\Obj\stm32l0xx_it.o
#        C:\Users\Евгений\Pyro\EWARM\Debug\Obj\system_stm32l0xx.o
#        C:\Users\Евгений\Pyro\EWARM\Debug\Obj\tim.o
#        C:\Users\Евгений\Pyro\EWARM\Debug\Obj\usart.o
#        --no_out_extension -o
#        C:\Users\Евгений\Pyro\EWARM\Debug\Exe\project.out --map
#        C:\Users\Евгений\Pyro\EWARM\Debug\List\project.map --config
#        C:\Users\Евгений\Pyro\EWARM\stm32l071xx_flash.icf --semihosting
#        --entry __iar_program_start --vfe --text_out locale)
#
###############################################################################

*******************************************************************************
*** RUNTIME MODEL ATTRIBUTES
***

CppFlavor                     = *
__CPP_Exceptions              = Disabled
__CPP_Language                = C++14
__Heap_Handler                = Basic
__SystemLibrary               = DLib
__dlib_dynamic_initialization = normal
__dlib_version                = 6


*******************************************************************************
*** HEAP SELECTION
***

The basic heap was selected because no calls to memory allocation
functions were found in the application outside of system library
functions, and there are calls to deallocation functions in the
application.


*******************************************************************************
*** PLACEMENT SUMMARY
***

"A0":  place at 0x800'0000 { ro section .intvec };
"P1":  place in [from 0x800'0000 to 0x802'ffff] { ro };
define block CSTACK with size = 1K, alignment = 8 { };
define block HEAP with size = 512, alignment = 8 { };
"P2":  place in [from 0x2000'0000 to 0x2000'4fff] {
          rw, block CSTACK, block HEAP };
initialize by copy { rw };

  Section                Kind         Address   Size  Object
  -------                ----         -------   ----  ------
"A0":                                           0xc0
  .intvec                ro code   0x800'0000   0xc0  startup_stm32l071xx.o [1]
                                 - 0x800'00c0   0xc0

"P1":                                          0xb1b
  .text                  ro code   0x800'00c0  0x2ac  usart.o [1]
  .text                  ro code   0x800'036c   0xae  I32DivModFast.o [4]
  .text                  ro code   0x800'041a    0x2  startup_stm32l071xx.o [1]
  .text                  ro code   0x800'041c    0x2  IntDivZer.o [4]
  .text                  ro code   0x800'041e    0x2  startup_stm32l071xx.o [1]
  .text                  ro code   0x800'0420  0x158  system_stm32l0xx.o [1]
  .text                  ro code   0x800'0578  0x112  tim.o [1]
  .text                  ro code   0x800'068a    0x2  startup_stm32l071xx.o [1]
  .text                  ro code   0x800'068c   0xfc  gpio.o [1]
  .text                  ro code   0x800'0788   0xf0  main.o [1]
  .text                  ro code   0x800'0878   0xc4  pyro.o [1]
  .text                  ro code   0x800'093c   0x44  pyro.o [1]
  .text                  ro code   0x800'0980   0x3c  pyro.o [1]
  .text                  ro code   0x800'09bc   0xb0  stm32l0xx_it.o [1]
  .text                  ro code   0x800'0a6c   0x3c  packbits_init_single.o [4]
  .text                  ro code   0x800'0aa8   0x28  data_init.o [4]
  .iar.init_table        const     0x800'0ad0   0x14  - Linker created -
  .text                  ro code   0x800'0ae4   0x20  cmain_call_ctors.o [4]
  .text                  ro code   0x800'0b04   0x18  cppinit.o [2]
  .text                  ro code   0x800'0b1c   0x1e  cmain.o [4]
  .text                  ro code   0x800'0b3a    0x4  low_level_init.o [2]
  .text                  ro code   0x800'0b3e    0x8  exit.o [2]
  .text                  ro code   0x800'0b46    0x2  startup_stm32l071xx.o [1]
  .text                  ro code   0x800'0b48    0xa  cexit.o [4]
  .text                  ro code   0x800'0b52    0x2  startup_stm32l071xx.o [1]
  .text                  ro code   0x800'0b54   0x14  exit.o [5]
  .rodata                const     0x800'0b68   0x10  system_stm32l0xx.o [1]
  .text                  ro code   0x800'0b78   0x10  startup_stm32l071xx.o [1]
  .rodata                const     0x800'0b88    0xc  system_stm32l0xx.o [1]
  .text                  ro code   0x800'0b94    0xc  cstartup_M.o [4]
  SHT$$PREINIT_ARRAY               0x800'0ba0    0x0  <Block>
  SHT$$INIT_ARRAY                  0x800'0ba0    0x4  <Block>
    .init_array          const     0x800'0ba0    0x4  pyro.o [1]
  __iar_tls$$INIT_ARRAY            0x800'0ba4    0x0  <Block>
  .text                  ro code   0x800'0ba4    0x2  startup_stm32l071xx.o [1]
  .text                  ro code   0x800'0ba6    0x2  startup_stm32l071xx.o [1]
  .text                  ro code   0x800'0ba8    0x2  startup_stm32l071xx.o [1]
  .text                  ro code   0x800'0baa    0x2  startup_stm32l071xx.o [1]
  .text                  ro code   0x800'0bac    0x2  startup_stm32l071xx.o [1]
  .text                  ro code   0x800'0bae    0x2  startup_stm32l071xx.o [1]
  .text                  ro code   0x800'0bb0    0x2  startup_stm32l071xx.o [1]
  .text                  ro code   0x800'0bb2    0x2  startup_stm32l071xx.o [1]
  .text                  ro code   0x800'0bb4    0x2  startup_stm32l071xx.o [1]
  .text                  ro code   0x800'0bb6    0x2  startup_stm32l071xx.o [1]
  .text                  ro code   0x800'0bb8    0x2  startup_stm32l071xx.o [1]
  .text                  ro code   0x800'0bba    0x2  startup_stm32l071xx.o [1]
  .text                  ro code   0x800'0bbc    0x2  startup_stm32l071xx.o [1]
  .text                  ro code   0x800'0bbe    0x2  startup_stm32l071xx.o [1]
  .text                  ro code   0x800'0bc0    0x2  startup_stm32l071xx.o [1]
  .text                  ro code   0x800'0bc2    0x2  startup_stm32l071xx.o [1]
  .text                  ro code   0x800'0bc4    0x2  startup_stm32l071xx.o [1]
  .text                  ro code   0x800'0bc6    0x2  startup_stm32l071xx.o [1]
  .text                  ro code   0x800'0bc8    0x2  startup_stm32l071xx.o [1]
  .text                  ro code   0x800'0bca    0x2  startup_stm32l071xx.o [1]
  .text                  ro code   0x800'0bcc    0x2  startup_stm32l071xx.o [1]
  .text                  ro code   0x800'0bce    0x2  startup_stm32l071xx.o [1]
  .text                  ro code   0x800'0bd0    0x2  startup_stm32l071xx.o [1]
  .text                  ro code   0x800'0bd2    0x2  startup_stm32l071xx.o [1]
  .rodata                const     0x800'0bd4    0x1  unwind_debug.o [5]
  .rodata                const     0x800'0bd5    0x0  packbits_init_single.o [4]
  Initializer bytes      const     0x800'0bd5    0x6  <for P2-1>
                                 - 0x800'0bdb  0xb1b

"P2", part 1 of 2:                              0x20
  P2-1                            0x2000'0000   0x20  <Init block>
    .data                inited   0x2000'0000    0x4  system_stm32l0xx.o [1]
    .bss                 inited   0x2000'0004    0xc  pyro.o [1]
    .bss                 inited   0x2000'0010   0x10  usart.o [1]
                                - 0x2000'0020   0x20

"P2", part 2 of 2:                             0x400
  CSTACK                          0x2000'0020  0x400  <Block>
    CSTACK               uninit   0x2000'0020  0x400  <Block tail>
                                - 0x2000'0420  0x400

Unused ranges:

         From           To      Size
         ----           --      ----
   0x800'0bdb   0x802'ffff  0x2'f425
  0x2000'0420  0x2000'4fff    0x4be0


*******************************************************************************
*** INIT TABLE
***

          Address      Size
          -------      ----
Copy/packbits (__iar_packbits_init_single3)
    1 source range, total size 0x6 (18% of destination):
           0x800'0bd5   0x6
    1 destination range, total size 0x20:
          0x2000'0000  0x20

Extra (__iar_cstart_call_ctors)



*******************************************************************************
*** MODULE SUMMARY
***

    Module                  ro code  ro data  rw data
    ------                  -------  -------  -------
command line/config:
    -------------------------------------------------
    Total:

C:\Users\Евгений\Pyro\EWARM\Debug\Obj: [1]
    gpio.o                      252
    main.o                      240
    pyro.o                      324        7       12
    startup_stm32l071xx.o       266
    stm32l0xx_it.o              176
    system_stm32l0xx.o          344       28        4
    tim.o                       274
    usart.o                     684        3       16
    -------------------------------------------------
    Total:                    2 560       38       32

dl6M_tln.a: [2]
    cppinit.o                    24
    exit.o                        8
    low_level_init.o              4
    -------------------------------------------------
    Total:                       36

dlpp6M_tl_nc.a: [3]
    -------------------------------------------------
    Total:

rt6M_tl.a: [4]
    I32DivModFast.o             174
    IntDivZer.o                   2
    cexit.o                      10
    cmain.o                      30
    cmain_call_ctors.o           32
    cstartup_M.o                 12
    data_init.o                  40
    packbits_init_single.o       60
    -------------------------------------------------
    Total:                      360

shb_l.a: [5]
    exit.o                       20
    unwind_debug.o                         1
    -------------------------------------------------
    Total:                       20        1

    Linker created                        20    1 024
-----------------------------------------------------
    Grand Total:              2 976       59    1 056


*******************************************************************************
*** ENTRY LIST
***

Entry                       Address  Size  Type      Object
-----                       -------  ----  ----      ------
.iar.init_table$$Base    0x800'0ad0         --   Gb  - Linker created -
.iar.init_table$$Limit   0x800'0ae4         --   Gb  - Linker created -
?main                    0x800'0b1d        Code  Gb  cmain.o [4]
AHBPrescTable            0x800'0b68  0x10  Data  Gb  system_stm32l0xx.o [1]
CSTACK$$Base            0x2000'0020         --   Gb  - Linker created -
CSTACK$$Limit           0x2000'0420         --   Gb  - Linker created -
DMA1_Channel2_3_IRQHandler
                         0x800'09db  0x46  Code  Gb  stm32l0xx_it.o [1]
EXTI4_15_IRQHandler      0x800'0a21  0x20  Code  Gb  stm32l0xx_it.o [1]
GPIO_Init()              0x800'0725  0x44  Code  Gb  gpio.o [1]
PLLMulTable              0x800'0b88   0xc  Data  Gb  system_stm32l0xx.o [1]
Pyro                    0x2000'0004   0xc  Data  Gb  pyro.o [1]
PyroDriver::Clock()      0x800'093d  0x44  Code  Gb  pyro.o [1]
PyroDriver::End()        0x800'0981  0x3c  Code  Gb  pyro.o [1]
PyroDriver::PyroDriver(GPIO_TypeDef *, unsigned short)
                         0x800'08a5   0x6  Code  Gb  pyro.o [1]
PyroDriver::Read()       0x800'08ab  0x7c  Code  Gb  pyro.o [1]
Region$$Table$$Base      0x800'0ad0         --   Gb  - Linker created -
Region$$Table$$Limit     0x800'0ae4         --   Gb  - Linker created -
SHT$$INIT_ARRAY$$Base    0x800'0ba0         --   Gb  - Linker created -
SHT$$INIT_ARRAY$$Limit   0x800'0ba4         --   Gb  - Linker created -
SHT$$PREINIT_ARRAY$$Base
                         0x800'0ba0         --   Gb  - Linker created -
SHT$$PREINIT_ARRAY$$Limit
                         0x800'0ba0         --   Gb  - Linker created -
SystemClockSetting()     0x800'07c7  0x86  Code  Gb  main.o [1]
SystemCoreClock         0x2000'0000   0x4  Data  Gb  system_stm32l0xx.o [1]
SystemCoreClockUpdate    0x800'046d  0xca  Code  Gb  system_stm32l0xx.o [1]
SystemInit               0x800'0421  0x4c  Code  Gb  system_stm32l0xx.o [1]
TIM6_IRQHandler          0x800'09bd   0x8  Code  Gb  stm32l0xx_it.o [1]
TIM6_Init(unsigned short, unsigned short)
                         0x800'0611  0x4a  Code  Gb  tim.o [1]
TIM_Enable(TIM_TypeDef *)
                         0x800'0681   0xa  Code  Gb  tim.o [1]
UART                    0x2000'0010  0x10  Data  Gb  usart.o [1]
USART1_IRQHandler        0x800'09c5  0x16  Code  Gb  stm32l0xx_it.o [1]
UartDriver::Delay()      0x800'030d  0x1a  Code  Gb  usart.o [1]
UartDriver::Init()       0x800'0159  0xd0  Code  Gb  usart.o [1]
UartDriver::Receive()    0x800'0279  0x26  Code  Gb  usart.o [1]
UartDriver::Transmit()   0x800'0229  0x50  Code  Gb  usart.o [1]
UartDriver::buffer::CxR(unsigned char *)
                         0x800'034d  0x20  Code  Gb  usart.o [1]
UartDriver::buffer::FormMessage(unsigned char *)
                         0x800'0327  0x26  Code  Gb  usart.o [1]
[local to gpio_cpp]::NVIC_EnableIRQ(IRQn_Type)
                         0x800'068d   0xe  Code  Lc  gpio.o [1]
[local to gpio_cpp]::NVIC_SetPriority(IRQn_Type, unsigned int)
                         0x800'069b  0x8a  Code  Lc  gpio.o [1]
[local to pyro_cpp]::NVIC_DisableIRQ(IRQn_Type)
                         0x800'0897   0xe  Code  Lc  pyro.o [1]
[local to pyro_cpp]::NVIC_EnableIRQ(IRQn_Type)
                         0x800'0889   0xe  Code  Lc  pyro.o [1]
[local to tim_c]::NVIC_EnableIRQ(IRQn_Type)
                         0x800'0579   0xe  Code  Lc  tim.o [1]
[local to tim_c]::NVIC_SetPriority(IRQn_Type, unsigned int)
                         0x800'0587  0x8a  Code  Lc  tim.o [1]
[local to usart_cpp]::NVIC_EnableIRQ(IRQn_Type)
                         0x800'00c1   0xe  Code  Lc  usart.o [1]
[local to usart_cpp]::NVIC_SetPriority(IRQn_Type, unsigned int)
                         0x800'00cf  0x8a  Code  Lc  usart.o [1]
__aeabi_idiv0            0x800'041d        Code  Gb  IntDivZer.o [4]
__aeabi_uidiv            0x800'036d        Code  Gb  I32DivModFast.o [4]
__aeabi_uidivmod         0x800'036d        Code  Gb  I32DivModFast.o [4]
__call_ctors             0x800'0b05  0x18  Code  Gb  cppinit.o [2]
__cmain                  0x800'0b1d        Code  Gb  cmain.o [4]
__exit                   0x800'0b55  0x14  Code  Gb  exit.o [5]
__iar_cstart_call_ctors
                         0x800'0ae5  0x20  Code  Gb  cmain_call_ctors.o [4]
__iar_data_init3         0x800'0aa9  0x28  Code  Gb  data_init.o [4]
__iar_debug_exceptions   0x800'0bd4   0x1  Data  Gb  unwind_debug.o [5]
__iar_packbits_init_single3
                         0x800'0a6d  0x3c  Code  Gb  packbits_init_single.o [4]
__iar_program_start      0x800'0b95        Code  Gb  cstartup_M.o [4]
__iar_tls$$INIT_ARRAY$$Base
                         0x800'0ba4         --   Gb  - Linker created -
__iar_tls$$INIT_ARRAY$$Limit
                         0x800'0ba4         --   Gb  - Linker created -
__low_level_init         0x800'0b3b   0x4  Code  Gb  low_level_init.o [2]
__sti__routine           0x800'0879  0x10  Code  Lc  pyro.o [1]
__vector_table           0x800'0000        Data  Gb  startup_stm32l071xx.o [1]
_call_main               0x800'0b29        Code  Gb  cmain.o [4]
_exit                    0x800'0b49        Code  Gb  cexit.o [4]
_main                    0x800'0b37        Code  Gb  cmain.o [4]
exit                     0x800'0b3f   0x8  Code  Gb  exit.o [2]
main                     0x800'0789  0x3e  Code  Gb  main.o [1]


[1] = C:\Users\Евгений\Pyro\EWARM\Debug\Obj
[2] = dl6M_tln.a
[3] = dlpp6M_tl_nc.a
[4] = rt6M_tl.a
[5] = shb_l.a

  2 976 bytes of readonly  code memory
     59 bytes of readonly  data memory
  1 056 bytes of readwrite data memory

Errors: none
Warnings: none
