###############################################################################
#
# IAR ELF Linker V8.32.3.193/W32 for ARM                  29/Mar/2021  13:38:58
# Copyright 2007-2019 IAR Systems AB.
#
#    Output file  =  C:\Users\Евгений\Pyro\EWARM\Debug\Exe\project.out
#    Map file     =  C:\Users\Евгений\Pyro\EWARM\Debug\List\project.map
#    Command line =  
#        -f C:\Users\B7E3~1\AppData\Local\Temp\EWE691.tmp
#        (C:\Users\Евгений\Pyro\EWARM\Debug\Obj\gpio.o
#        C:\Users\Евгений\Pyro\EWARM\Debug\Obj\main.o
#        C:\Users\Евгений\Pyro\EWARM\Debug\Obj\pyro.o
#        C:\Users\Евгений\Pyro\EWARM\Debug\Obj\startup_stm32l071xx.o
#        C:\Users\Евгений\Pyro\EWARM\Debug\Obj\stm32l0xx_it.o
#        C:\Users\Евгений\Pyro\EWARM\Debug\Obj\system_stm32l0xx.o
#        C:\Users\Евгений\Pyro\EWARM\Debug\Obj\tim.o
#        C:\Users\Евгений\Pyro\EWARM\Debug\Obj\usart.o
#        --no_out_extension -o
#        C:\Users\Евгений\Pyro\EWARM\Debug\Exe\project.out --map
#        C:\Users\Евгений\Pyro\EWARM\Debug\List\project.map --config
#        C:\Users\Евгений\Pyro\EWARM\stm32l071xx_flash.icf --semihosting
#        --entry __iar_program_start --vfe --text_out locale)
#
###############################################################################

*******************************************************************************
*** RUNTIME MODEL ATTRIBUTES
***

CppFlavor                     = *
__CPP_Exceptions              = Disabled
__CPP_Language                = C++14
__Heap_Handler                = Basic
__SystemLibrary               = DLib
__dlib_dynamic_initialization = normal
__dlib_version                = 6


*******************************************************************************
*** HEAP SELECTION
***

The basic heap was selected because no calls to memory allocation
functions were found in the application outside of system library
functions, and there are calls to deallocation functions in the
application.


*******************************************************************************
*** PLACEMENT SUMMARY
***

"A0":  place at 0x800'0000 { ro section .intvec };
"P1":  place in [from 0x800'0000 to 0x802'ffff] { ro };
define block CSTACK with size = 1K, alignment = 8 { };
define block HEAP with size = 512, alignment = 8 { };
"P2":  place in [from 0x2000'0000 to 0x2000'4fff] {
          rw, block CSTACK, block HEAP };
initialize by copy { rw };

  Section                Kind         Address    Size  Object
  -------                ----         -------    ----  ------
"A0":                                            0xc0
  .intvec                ro code   0x800'0000    0xc0  startup_stm32l071xx.o [1]
                                 - 0x800'00c0    0xc0

"P1":                                          0x1314
  .text                  ro code   0x800'00c0   0x272  usart.o [1]
  .text                  ro code   0x800'0332    0xae  I32DivModFast.o [4]
  .text                  ro code   0x800'03e0     0x2  IntDivZer.o [4]
  .text                  ro code   0x800'03e2     0x2  startup_stm32l071xx.o [1]
  .text                  ro code   0x800'03e4   0x158  system_stm32l0xx.o [1]
  .text                  ro code   0x800'053c   0x144  heap0.o [2]
  .text                  ro code   0x800'0680    0x2c  xgetmemchunk.o [2]
  .text                  ro code   0x800'06ac   0x124  gpio.o [1]
  .text                  ro code   0x800'07d0   0x114  xfoprep.o [2]
  .text                  ro code   0x800'08e4    0x34  ABImemcpy.o [4]
  .text                  ro code   0x800'0918    0x80  fclose.o [2]
  .text                  ro code   0x800'0998    0x54  xfopen.o [2]
  .text                  ro code   0x800'09ec    0xe8  xfofind.o [2]
  .text                  ro code   0x800'0ad4    0xb4  fflush.o [2]
  .text                  ro code   0x800'0b88     0x8  heaptramp0.o [2]
  .text                  ro code   0x800'0b90    0x18  close.o [5]
  .text                  ro code   0x800'0ba8    0x14  remove.o [5]
  .text                  ro code   0x800'0bbc    0x48  open.o [5]
  .text                  ro code   0x800'0c04    0x10  write.o [5]
  .text                  ro code   0x800'0c14     0xe  strlen.o [4]
  .text                  ro code   0x800'0c22    0x1e  dwrite.o [5]
  .text                  ro code   0x800'0c40    0x20  iarwstd.o [5]
  .text                  ro code   0x800'0c60    0x22  iarwrite.o [5]
  .text                  ro code   0x800'0c82     0x2  startup_stm32l071xx.o [1]
  .text                  ro code   0x800'0c84    0x80  iarttio.o [5]
  .text                  ro code   0x800'0d04     0x8  XShttio.o [2]
  .text                  ro code   0x800'0d0c   0x112  tim.o [1]
  .text                  ro code   0x800'0e1e     0x2  startup_stm32l071xx.o [1]
  .text                  ro code   0x800'0e20    0xf0  stm32l0xx_it.o [1]
  .text                  ro code   0x800'0f10    0x2a  fopen.o [2]
  .text                  ro code   0x800'0f3a     0x2  startup_stm32l071xx.o [1]
  .text                  ro code   0x800'0f3c    0xe0  pyro.o [1]
  .text                  ro code   0x800'101c    0xe0  main.o [1]
  .rodata                const     0x800'10fc    0x48  xfoprep.o [2]
  .text                  ro code   0x800'1144    0x3c  zero_init3.o [4]
  .text                  ro code   0x800'1180    0x3c  packbits_init_single.o [4]
  .text                  ro code   0x800'11bc    0x38  xcloseall.o [2]
  .text                  ro code   0x800'11f4    0x28  data_init.o [4]
  .iar.init_table        const     0x800'121c    0x24  - Linker created -
  .text                  ro code   0x800'1240    0x20  cmain_call_ctors.o [4]
  .text                  ro code   0x800'1260    0x18  cppinit.o [2]
  .text                  ro code   0x800'1278    0x1e  cmain.o [4]
  .text                  ro code   0x800'1296     0x4  low_level_init.o [2]
  .text                  ro code   0x800'129a     0x8  exit.o [2]
  .text                  ro code   0x800'12a2     0x2  startup_stm32l071xx.o [1]
  .text                  ro code   0x800'12a4     0xe  cexit.o [4]
  .text                  ro code   0x800'12b2     0x2  startup_stm32l071xx.o [1]
  .text                  ro code   0x800'12b4    0x14  exit.o [5]
  .rodata                const     0x800'12c8    0x10  system_stm32l0xx.o [1]
  .text                  ro code   0x800'12d8    0x10  startup_stm32l071xx.o [1]
  .rodata                const     0x800'12e8     0xc  stm32l0xx_it.o [1]
  .rodata                const     0x800'12f4     0xc  system_stm32l0xx.o [1]
  .text                  ro code   0x800'1300     0xc  cstartup_M.o [4]
  SHT$$PREINIT_ARRAY               0x800'130c     0x0  <Block>
  SHT$$INIT_ARRAY                  0x800'130c     0x8  <Block>
    .init_array          const     0x800'130c     0x4  pyro.o [1]
    .init_array          const     0x800'1310     0x4  stm32l0xx_it.o [1]
  __iar_tls$$INIT_ARRAY            0x800'1314     0x0  <Block>
  .text                  ro code   0x800'1314     0x2  startup_stm32l071xx.o [1]
  .text                  ro code   0x800'1316     0x2  startup_stm32l071xx.o [1]
  .text                  ro code   0x800'1318     0x2  startup_stm32l071xx.o [1]
  .text                  ro code   0x800'131a     0x2  startup_stm32l071xx.o [1]
  .text                  ro code   0x800'131c     0x2  startup_stm32l071xx.o [1]
  .text                  ro code   0x800'131e     0x2  startup_stm32l071xx.o [1]
  .text                  ro code   0x800'1320     0x2  startup_stm32l071xx.o [1]
  .text                  ro code   0x800'1322     0x2  startup_stm32l071xx.o [1]
  .text                  ro code   0x800'1324     0x2  startup_stm32l071xx.o [1]
  .text                  ro code   0x800'1326     0x2  startup_stm32l071xx.o [1]
  .text                  ro code   0x800'1328     0x2  startup_stm32l071xx.o [1]
  .text                  ro code   0x800'132a     0x2  startup_stm32l071xx.o [1]
  .text                  ro code   0x800'132c     0x2  startup_stm32l071xx.o [1]
  .text                  ro code   0x800'132e     0x2  startup_stm32l071xx.o [1]
  .text                  ro code   0x800'1330     0x2  startup_stm32l071xx.o [1]
  .text                  ro code   0x800'1332     0x2  startup_stm32l071xx.o [1]
  .text                  ro code   0x800'1334     0x2  startup_stm32l071xx.o [1]
  .text                  ro code   0x800'1336     0x2  startup_stm32l071xx.o [1]
  .text                  ro code   0x800'1338     0x2  startup_stm32l071xx.o [1]
  .text                  ro code   0x800'133a     0x2  startup_stm32l071xx.o [1]
  .text                  ro code   0x800'133c     0x2  startup_stm32l071xx.o [1]
  .text                  ro code   0x800'133e     0x2  startup_stm32l071xx.o [1]
  .text                  ro code   0x800'1340     0x2  startup_stm32l071xx.o [1]
  .rodata                const     0x800'1342     0x1  unwind_debug.o [5]
  .text                  ro code   0x800'1344     0x0  cstart_closeall.o [4]
  .rodata                const     0x800'1344     0x0  zero_init3.o [4]
  .rodata                const     0x800'1344     0x0  packbits_init_single.o [4]
  Initializer bytes      const     0x800'1344    0x90  <for P2-1>
                                 - 0x800'13d4  0x1314

"P2", part 1 of 3:                              0x104
  P2-1                            0x2000'0000   0x104  <Init block>
    .data                inited   0x2000'0000     0x4  system_stm32l0xx.o [1]
    .data                inited   0x2000'0004    0x48  xfiles.o [2]
    .data                inited   0x2000'004c    0x48  xfiles.o [2]
    .data                inited   0x2000'0094    0x48  xfiles.o [2]
    .data                inited   0x2000'00dc    0x20  xfiles.o [2]
    .data                inited   0x2000'00fc     0x8  XShttio.o [2]
                                - 0x2000'0104   0x104

"P2", part 2 of 3:                               0xcc
  .bss                   zero     0x2000'0104    0x50  xfiles.o [2]
  .bss                   zero     0x2000'0154    0x50  xfiles.o [2]
  .bss                   zero     0x2000'01a4    0x10  usart.o [1]
  .bss                   zero     0x2000'01b4     0xc  pyro.o [1]
  .bss                   zero     0x2000'01c0     0x8  heap0.o [2]
  .bss                   zero     0x2000'01c8     0x4  stm32l0xx_it.o [1]
  .bss                   zero     0x2000'01cc     0x4  xgetmemchunk.o [2]
                                - 0x2000'01d0    0xcc

"P2", part 3 of 3:                              0x600
  CSTACK                          0x2000'01d0   0x400  <Block>
    CSTACK               uninit   0x2000'01d0   0x400  <Block tail>
  HEAP                            0x2000'05d0   0x200  <Block>
    HEAP                 uninit   0x2000'05d0   0x200  <Block tail>
                                - 0x2000'07d0   0x600

Unused ranges:

         From           To      Size
         ----           --      ----
   0x800'13d4   0x802'ffff  0x2'ec2c
  0x2000'07d0  0x2000'4fff    0x4830


*******************************************************************************
*** INIT TABLE
***

          Address      Size
          -------      ----
Zero (__iar_zero_init3)
    1 destination range, total size 0xcc:
          0x2000'0104   0xcc

Copy/packbits (__iar_packbits_init_single3)
    1 source range, total size 0x90 (55% of destination):
           0x800'1344   0x90
    1 destination range, total size 0x104:
          0x2000'0000  0x104

Extra (__iar_cstart_call_ctors)



*******************************************************************************
*** MODULE SUMMARY
***

    Module                  ro code  ro data  rw data
    ------                  -------  -------  -------
command line/config:
    -------------------------------------------------
    Total:

C:\Users\Евгений\Pyro\EWARM\Debug\Obj: [1]
    gpio.o                      292
    main.o                      224
    pyro.o                      224        4       12
    startup_stm32l071xx.o       266
    stm32l0xx_it.o              240       16        4
    system_stm32l0xx.o          344       30        4
    tim.o                       274
    usart.o                     626                16
    -------------------------------------------------
    Total:                    2 490       50       36

dl6M_tlf.a: [2]
    XShttio.o                     8        5        8
    cppinit.o                    24
    exit.o                        8
    fclose.o                    128
    fflush.o                    180
    fopen.o                      42
    heap0.o                     324                 8
    heaptramp0.o                  8
    low_level_init.o              4
    xcloseall.o                  56
    xfiles.o                             137      408
    xfofind.o                   232
    xfopen.o                     84
    xfoprep.o                   276       72
    xgetmemchunk.o               44                 4
    -------------------------------------------------
    Total:                    1 418      214      428

dlpp6M_tl_fc.a: [3]
    -------------------------------------------------
    Total:

rt6M_tl.a: [4]
    ABImemcpy.o                  52
    I32DivModFast.o             174
    IntDivZer.o                   2
    cexit.o                      14
    cmain.o                      30
    cmain_call_ctors.o           32
    cstart_closeall.o
    cstartup_M.o                 12
    data_init.o                  40
    packbits_init_single.o       60
    strlen.o                     14
    zero_init3.o                 60
    -------------------------------------------------
    Total:                      490

shb_l.a: [5]
    close.o                      24
    dwrite.o                     30
    exit.o                       20
    iarttio.o                   128
    iarwrite.o                   34
    iarwstd.o                    32
    open.o                       72
    remove.o                     20
    unwind_debug.o                         1
    write.o                      16
    -------------------------------------------------
    Total:                      376        1

    Gaps                          1
    Linker created                        36    1 536
-----------------------------------------------------
    Grand Total:              4 775      301    2 000


*******************************************************************************
*** ENTRY LIST
***

Entry                       Address   Size  Type      Object
-----                       -------   ----  ----      ------
.iar.init_table$$Base    0x800'121c          --   Gb  - Linker created -
.iar.init_table$$Limit   0x800'1240          --   Gb  - Linker created -
?main                    0x800'1279         Code  Gb  cmain.o [4]
AHBPrescTable            0x800'12c8   0x10  Data  Gb  system_stm32l0xx.o [1]
Aldata                  0x2000'01c0    0x8  Data  Lc  heap0.o [2]
CSTACK$$Base            0x2000'01d0          --   Gb  - Linker created -
CSTACK$$Limit           0x2000'05d0          --   Gb  - Linker created -
DMA1_Channel2_3_IRQHandler
                         0x800'0e79   0x3a  Code  Gb  stm32l0xx_it.o [1]
EXTI4_15_IRQHandler      0x800'0eb3   0x20  Code  Gb  stm32l0xx_it.o [1]
GPIO_Init()              0x800'0745   0x64  Code  Gb  gpio.o [1]
HEAP$$Base              0x2000'05d0          --   Gb  - Linker created -
HEAP$$Limit             0x2000'07d0          --   Gb  - Linker created -
PLLMulTable              0x800'12f4    0xc  Data  Gb  system_stm32l0xx.o [1]
Pyro                    0x2000'01b4    0xc  Data  Gb  pyro.o [1]
PyroDriver::PyroDriver(GPIO_TypeDef *, unsigned short)
                         0x800'0f4d    0x6  Code  Gb  pyro.o [1]
PyroDriver::Read()       0x800'0f55   0xb2  Code  Gb  pyro.o [1]
Region$$Table$$Base      0x800'121c          --   Gb  - Linker created -
Region$$Table$$Limit     0x800'1240          --   Gb  - Linker created -
SHT$$INIT_ARRAY$$Base    0x800'130c          --   Gb  - Linker created -
SHT$$INIT_ARRAY$$Limit   0x800'1314          --   Gb  - Linker created -
SHT$$PREINIT_ARRAY$$Base
                         0x800'130c          --   Gb  - Linker created -
SHT$$PREINIT_ARRAY$$Limit
                         0x800'130c          --   Gb  - Linker created -
SystemClockSetting()     0x800'1063   0x6e  Code  Gb  main.o [1]
SystemCoreClock         0x2000'0000    0x4  Data  Gb  system_stm32l0xx.o [1]
SystemCoreClockUpdate    0x800'0431   0xca  Code  Gb  system_stm32l0xx.o [1]
SystemInit               0x800'03e5   0x4c  Code  Gb  system_stm32l0xx.o [1]
TIM6_IRQHandler          0x800'0e31   0x32  Code  Gb  stm32l0xx_it.o [1]
TIM6_Init(unsigned short, unsigned short)
                         0x800'0da5   0x4a  Code  Gb  tim.o [1]
TIM_Enable(TIM_TypeDef *)
                         0x800'0e15    0xa  Code  Gb  tim.o [1]
UART                    0x2000'01a4   0x10  Data  Gb  usart.o [1]
USART1_IRQHandler        0x800'0e63   0x16  Code  Gb  stm32l0xx_it.o [1]
UartDriver::Delay()      0x800'031d   0x16  Code  Gb  usart.o [1]
UartDriver::Init()       0x800'0159   0xd0  Code  Gb  usart.o [1]
UartDriver::Receive()    0x800'0287   0x26  Code  Gb  usart.o [1]
UartDriver::Transmit(unsigned short)
                         0x800'0229   0x5e  Code  Gb  usart.o [1]
[local to gpio_cpp]::NVIC_EnableIRQ(IRQn_Type)
                         0x800'06ad    0xe  Code  Lc  gpio.o [1]
[local to gpio_cpp]::NVIC_SetPriority(IRQn_Type, unsigned int)
                         0x800'06bb   0x8a  Code  Lc  gpio.o [1]
[local to tim_c]::NVIC_EnableIRQ(IRQn_Type)
                         0x800'0d0d    0xe  Code  Lc  tim.o [1]
[local to tim_c]::NVIC_SetPriority(IRQn_Type, unsigned int)
                         0x800'0d1b   0x8a  Code  Lc  tim.o [1]
[local to usart_cpp]::NVIC_EnableIRQ(IRQn_Type)
                         0x800'00c1    0xe  Code  Lc  usart.o [1]
[local to usart_cpp]::NVIC_SetPriority(IRQn_Type, unsigned int)
                         0x800'00cf   0x8a  Code  Lc  usart.o [1]
_Close_all               0x800'11bd   0x38  Code  Gb  xcloseall.o [2]
_Files                  0x2000'00dc   0x20  Data  Gb  xfiles.o [2]
_Fofind                  0x800'09ed   0x4e  Code  Gb  xfofind.o [2]
_Fofree                  0x800'0a3b   0x90  Code  Gb  xfofind.o [2]
_Fopen                   0x800'0999   0x44  Code  Gb  xfopen.o [2]
_Fopen::rwacc            0x800'09dc   0x10  Data  Lc  xfopen.o [2]
_Foprep                  0x800'07d1  0x114  Code  Gb  xfoprep.o [2]
_Foprep::init            0x800'10fc   0x48  Data  Lc  xfoprep.o [2]
__aeabi_idiv0            0x800'03e1         Code  Gb  IntDivZer.o [4]
__aeabi_memcpy4          0x800'08e5         Code  Gb  ABImemcpy.o [4]
__aeabi_memcpy8          0x800'08e5         Code  Gb  ABImemcpy.o [4]
__aeabi_uidiv            0x800'0333         Code  Gb  I32DivModFast.o [4]
__aeabi_uidivmod         0x800'0333         Code  Gb  I32DivModFast.o [4]
__basic_free             0x800'05eb   0x16  Code  Gb  heap0.o [2]
__basic_free_intern      0x800'0601   0x7a  Code  Lc  heap0.o [2]
__basic_malloc           0x800'053d   0x18  Code  Gb  heap0.o [2]
__basic_malloc_intern    0x800'0555   0x96  Code  Lc  heap0.o [2]
__call_ctors             0x800'1261   0x18  Code  Gb  cppinit.o [2]
__cexit_closeall         0x800'12a7         Code  Gb  cexit.o [4]
__close                  0x800'0b91   0x18  Code  Gb  close.o [5]
__cmain                  0x800'1279         Code  Gb  cmain.o [4]
__cstart_closeall        0x800'1344         Data  Gb  cstart_closeall.o [4]
__data_GetMemChunk       0x800'0681   0x2c  Code  Gb  xgetmemchunk.o [2]
__data_GetMemChunk::start
                        0x2000'01cc    0x4  Data  Lc  xgetmemchunk.o [2]
__dwrite                 0x800'0c23   0x1e  Code  Gb  dwrite.o [5]
__exit                   0x800'12b5   0x14  Code  Gb  exit.o [5]
__iar_Stderr            0x2000'0094   0x48  Data  Gb  xfiles.o [2]
__iar_Stdin             0x2000'0004   0x48  Data  Gb  xfiles.o [2]
__iar_Stdout            0x2000'004c   0x48  Data  Gb  xfiles.o [2]
__iar_close_ttio         0x800'0c85   0x2e  Code  Gb  iarttio.o [5]
__iar_cstart_call_ctors
                         0x800'1241   0x20  Code  Gb  cmain_call_ctors.o [4]
__iar_data_init3         0x800'11f5   0x28  Code  Gb  data_init.o [4]
__iar_debug_exceptions   0x800'1342    0x1  Data  Gb  unwind_debug.o [5]
__iar_get_ttio           0x800'0cb5   0x4c  Code  Gb  iarttio.o [5]
__iar_lookup_ttioh       0x800'0d05    0x8  Code  Gb  XShttio.o [2]
__iar_packbits_init_single3
                         0x800'1181   0x3c  Code  Gb  packbits_init_single.o [4]
__iar_program_start      0x800'1301         Code  Gb  cstartup_M.o [4]
__iar_sh_stdout          0x800'0c41   0x20  Code  Gb  iarwstd.o [5]
__iar_sh_write           0x800'0c61   0x22  Code  Gb  iarwrite.o [5]
__iar_tls$$INIT_ARRAY$$Base
                         0x800'1314          --   Gb  - Linker created -
__iar_tls$$INIT_ARRAY$$Limit
                         0x800'1314          --   Gb  - Linker created -
__iar_ttio_handles      0x2000'00fc    0x8  Data  Lc  XShttio.o [2]
__iar_zero_init3         0x800'1145   0x3c  Code  Gb  zero_init3.o [4]
__low_level_init         0x800'1297    0x4  Code  Gb  low_level_init.o [2]
__open                   0x800'0bbd   0x48  Code  Gb  open.o [5]
__sti__routine           0x800'0f3d   0x10  Code  Lc  pyro.o [1]
__sti__routine           0x800'0e21   0x10  Code  Lc  stm32l0xx_it.o [1]
__vector_table           0x800'0000         Data  Gb  startup_stm32l071xx.o [1]
__write                  0x800'0c05   0x10  Code  Gb  write.o [5]
_call_main               0x800'1285         Code  Gb  cmain.o [4]
_exit                    0x800'12a5         Code  Gb  cexit.o [4]
_main                    0x800'1293         Code  Gb  cmain.o [4]
ebuf                    0x2000'0104   0x50  Data  Lc  xfiles.o [2]
exit                     0x800'129b    0x8  Code  Gb  exit.o [2]
fclose                   0x800'0919   0x80  Code  Gb  fclose.o [2]
fflush                   0x800'0b47   0x38  Code  Gb  fflush.o [2]
fflushOne                0x800'0ad5   0x72  Code  Lc  fflush.o [2]
fopen                    0x800'0f11   0x2a  Code  Gb  fopen.o [2]
free                     0x800'0b89    0x8  Code  Gb  heaptramp0.o [2]
log                     0x2000'01c8    0x4  Data  Gb  stm32l0xx_it.o [1]
main                     0x800'101d   0x46  Code  Gb  main.o [1]
obuf                    0x2000'0154   0x50  Data  Lc  xfiles.o [2]
remove                   0x800'0ba9   0x14  Code  Gb  remove.o [5]
strlen                   0x800'0c15         Code  Gb  strlen.o [4]


[1] = C:\Users\Евгений\Pyro\EWARM\Debug\Obj
[2] = dl6M_tlf.a
[3] = dlpp6M_tl_fc.a
[4] = rt6M_tl.a
[5] = shb_l.a

  4 775 bytes of readonly  code memory
    301 bytes of readonly  data memory
  2 000 bytes of readwrite data memory

Errors: none
Warnings: none
