###############################################################################
#
# IAR ELF Linker V8.32.3.193/W32 for ARM                  22/Mar/2021  07:39:03
# Copyright 2007-2019 IAR Systems AB.
#
#    Output file  =  C:\Users\Евгений\Pyro\EWARM\Debug\Exe\project.out
#    Map file     =  C:\Users\Евгений\Pyro\EWARM\Debug\List\project.map
#    Command line =  
#        -f C:\Users\B7E3~1\AppData\Local\Temp\EWE588.tmp
#        (C:\Users\Евгений\Pyro\EWARM\Debug\Obj\gpio.o
#        C:\Users\Евгений\Pyro\EWARM\Debug\Obj\interface.o
#        C:\Users\Евгений\Pyro\EWARM\Debug\Obj\main.o
#        C:\Users\Евгений\Pyro\EWARM\Debug\Obj\startup_stm32l071xx.o
#        C:\Users\Евгений\Pyro\EWARM\Debug\Obj\stm32l0xx_it.o
#        C:\Users\Евгений\Pyro\EWARM\Debug\Obj\system_stm32l0xx.o
#        C:\Users\Евгений\Pyro\EWARM\Debug\Obj\tim.o
#        C:\Users\Евгений\Pyro\EWARM\Debug\Obj\usart.o
#        --printf_multibytes --no_out_extension -o
#        C:\Users\Евгений\Pyro\EWARM\Debug\Exe\project.out --map
#        C:\Users\Евгений\Pyro\EWARM\Debug\List\project.map --config
#        C:\Users\Евгений\Pyro\EWARM\stm32l071xx_flash.icf --semihosting
#        --entry __iar_program_start --vfe --text_out locale)
#
###############################################################################

*******************************************************************************
*** MESSAGES
***

Warning[Li025]: no definition for "_Printf" provides all needed features:
          ["multibytes"]


*******************************************************************************
*** RUNTIME MODEL ATTRIBUTES
***

CppFlavor        = *
__CPP_Exceptions = Disabled
__CPP_Language   = C++14
__SystemLibrary  = DLib
__dlib_version   = 6


*******************************************************************************
*** HEAP SELECTION
***

The basic heap was selected because no calls to memory allocation
functions were found in the application outside of system library
functions, and there are calls to deallocation functions in the
application.


*******************************************************************************
*** PLACEMENT SUMMARY
***

"A0":  place at 0x800'0000 { ro section .intvec };
"P1":  place in [from 0x800'0000 to 0x802'ffff] { ro };
define block CSTACK with size = 1K, alignment = 8 { };
define block HEAP with size = 512, alignment = 8 { };
"P2":  place in [from 0x2000'0000 to 0x2000'4fff] {
          rw, block CSTACK, block HEAP };
initialize by copy { rw };

  Section            Kind         Address   Size  Object
  -------            ----         -------   ----  ------
"A0":                                       0xc0
  .intvec            ro code   0x800'0000   0xc0  startup_stm32l071xx.o [1]
                             - 0x800'00c0   0xc0

"P1":                                      0x7b7
  .text              ro code   0x800'00c0  0x158  system_stm32l0xx.o [1]
  .text              ro code   0x800'0218   0xae  I32DivModFast.o [3]
  .text              ro code   0x800'02c6    0x2  startup_stm32l071xx.o [1]
  .text              ro code   0x800'02c8    0x2  IntDivZer.o [3]
  .text              ro code   0x800'02ca    0x2  startup_stm32l071xx.o [1]
  .text              ro code   0x800'02cc  0x154  usart.o [1]
  .text              ro code   0x800'0420  0x112  tim.o [1]
  .text              ro code   0x800'0532    0x2  startup_stm32l071xx.o [1]
  .text              ro code   0x800'0534   0xf0  main.o [1]
  .text              ro code   0x800'0624   0x1c  gpio.o [1]
  .text              ro code   0x800'0640   0xc4  stm32l0xx_it.o [1]
  .text              ro code   0x800'0704   0x3c  zero_init3.o [3]
  .text              ro code   0x800'0740   0x30  copy_init3.o [3]
  .text              ro code   0x800'0770   0x28  data_init.o [3]
  .iar.init_table    const     0x800'0798   0x24  - Linker created -
  .text              ro code   0x800'07bc   0x1e  cmain.o [3]
  .text              ro code   0x800'07da    0x4  low_level_init.o [2]
  .text              ro code   0x800'07de    0x8  exit.o [2]
  .text              ro code   0x800'07e6    0x2  startup_stm32l071xx.o [1]
  .text              ro code   0x800'07e8    0xa  cexit.o [3]
  .text              ro code   0x800'07f2    0x2  startup_stm32l071xx.o [1]
  .text              ro code   0x800'07f4   0x14  exit.o [4]
  .rodata            const     0x800'0808   0x10  system_stm32l0xx.o [1]
  .text              ro code   0x800'0818   0x10  startup_stm32l071xx.o [1]
  .rodata            const     0x800'0828    0xc  system_stm32l0xx.o [1]
  .text              ro code   0x800'0834    0xc  cstartup_M.o [3]
  Initializer bytes  const     0x800'0840    0x4  <for P2-1>
  .text              ro code   0x800'0844    0x2  startup_stm32l071xx.o [1]
  .text              ro code   0x800'0846    0x2  startup_stm32l071xx.o [1]
  .text              ro code   0x800'0848    0x2  startup_stm32l071xx.o [1]
  .text              ro code   0x800'084a    0x2  startup_stm32l071xx.o [1]
  .text              ro code   0x800'084c    0x2  startup_stm32l071xx.o [1]
  .text              ro code   0x800'084e    0x2  startup_stm32l071xx.o [1]
  .text              ro code   0x800'0850    0x2  startup_stm32l071xx.o [1]
  .text              ro code   0x800'0852    0x2  startup_stm32l071xx.o [1]
  .text              ro code   0x800'0854    0x2  startup_stm32l071xx.o [1]
  .text              ro code   0x800'0856    0x2  startup_stm32l071xx.o [1]
  .text              ro code   0x800'0858    0x2  startup_stm32l071xx.o [1]
  .text              ro code   0x800'085a    0x2  startup_stm32l071xx.o [1]
  .text              ro code   0x800'085c    0x2  startup_stm32l071xx.o [1]
  .text              ro code   0x800'085e    0x2  startup_stm32l071xx.o [1]
  .text              ro code   0x800'0860    0x2  startup_stm32l071xx.o [1]
  .text              ro code   0x800'0862    0x2  startup_stm32l071xx.o [1]
  .text              ro code   0x800'0864    0x2  startup_stm32l071xx.o [1]
  .text              ro code   0x800'0866    0x2  startup_stm32l071xx.o [1]
  .text              ro code   0x800'0868    0x2  startup_stm32l071xx.o [1]
  .text              ro code   0x800'086a    0x2  startup_stm32l071xx.o [1]
  .text              ro code   0x800'086c    0x2  startup_stm32l071xx.o [1]
  .text              ro code   0x800'086e    0x2  startup_stm32l071xx.o [1]
  .text              ro code   0x800'0870    0x2  startup_stm32l071xx.o [1]
  .text              ro code   0x800'0872    0x2  startup_stm32l071xx.o [1]
  .text              ro code   0x800'0874    0x2  startup_stm32l071xx.o [1]
  .rodata            const     0x800'0876    0x1  unwind_debug.o [4]
  .rodata            const     0x800'0877    0x0  zero_init3.o [3]
  .rodata            const     0x800'0877    0x0  copy_init3.o [3]
                             - 0x800'0877  0x7b7

"P2", part 1 of 3:                           0x4
  P2-1                        0x2000'0000    0x4  <Init block>
    .data            inited   0x2000'0000    0x4  system_stm32l0xx.o [1]
                            - 0x2000'0004    0x4

"P2", part 2 of 3:                         0x10c
  .bss               zero     0x2000'0004  0x10c  usart.o [1]
                            - 0x2000'0110  0x10c

"P2", part 3 of 3:                         0x400
  CSTACK                      0x2000'0110  0x400  <Block>
    CSTACK           uninit   0x2000'0110  0x400  <Block tail>
                            - 0x2000'0510  0x400

Unused ranges:

         From           To      Size
         ----           --      ----
   0x800'0877   0x802'ffff  0x2'f789
  0x2000'0510  0x2000'4fff    0x4af0


*******************************************************************************
*** INIT TABLE
***

          Address      Size
          -------      ----
Zero (__iar_zero_init3)
    1 destination range, total size 0x10c:
          0x2000'0004  0x10c

Copy (__iar_copy_init3)
    1 source range, total size 0x4:
           0x800'0840    0x4
    1 destination range, total size 0x4:
          0x2000'0000    0x4



*******************************************************************************
*** MODULE SUMMARY
***

    Module                 ro code  ro data  rw data
    ------                 -------  -------  -------
command line/config:
    ------------------------------------------------
    Total:

C:\Users\Евгений\Pyro\EWARM\Debug\Obj: [1]
    gpio.o                      28
    main.o                     240
    startup_stm32l071xx.o      268
    stm32l0xx_it.o             196
    system_stm32l0xx.o         344       32        4
    tim.o                      274
    usart.o                    340               268
    ------------------------------------------------
    Total:                   1 690       32      272

dl6M_tln.a: [2]
    exit.o                       8
    low_level_init.o             4
    ------------------------------------------------
    Total:                      12

rt6M_tl.a: [3]
    I32DivModFast.o            174
    IntDivZer.o                  2
    cexit.o                     10
    cmain.o                     30
    copy_init3.o                48
    cstartup_M.o                12
    data_init.o                 40
    zero_init3.o                60
    ------------------------------------------------
    Total:                     376

shb_l.a: [4]
    exit.o                      20
    unwind_debug.o                        1
    ------------------------------------------------
    Total:                      20        1

    Linker created                       36    1 024
----------------------------------------------------
    Grand Total:             2 098       69    1 296


*******************************************************************************
*** ENTRY LIST
***

Entry                       Address   Size  Type      Object
-----                       -------   ----  ----      ------
.iar.init_table$$Base    0x800'0798          --   Gb  - Linker created -
.iar.init_table$$Limit   0x800'07bc          --   Gb  - Linker created -
?main                    0x800'07bd         Code  Gb  cmain.o [3]
AHBPrescTable            0x800'0808   0x10  Data  Gb  system_stm32l0xx.o [1]
CSTACK$$Base            0x2000'0110          --   Gb  - Linker created -
CSTACK$$Limit           0x2000'0510          --   Gb  - Linker created -
DMA1_Channel2_3_IRQHandler
                         0x800'065d   0x74  Code  Gb  stm32l0xx_it.o [1]
LED_Init()               0x800'0625   0x1c  Code  Gb  gpio.o [1]
PLLMulTable              0x800'0828    0xc  Data  Gb  system_stm32l0xx.o [1]
Region$$Table$$Base      0x800'0798          --   Gb  - Linker created -
Region$$Table$$Limit     0x800'07bc          --   Gb  - Linker created -
RxErrorCallback          0x800'06d1   0x12  Code  Gb  stm32l0xx_it.o [1]
SystemClockSetting()     0x800'0571   0x86  Code  Gb  main.o [1]
SystemCoreClock         0x2000'0000    0x4  Data  Gb  system_stm32l0xx.o [1]
SystemCoreClockUpdate    0x800'010d   0xca  Code  Gb  system_stm32l0xx.o [1]
SystemInit               0x800'00c1   0x4c  Code  Gb  system_stm32l0xx.o [1]
TIM6_IRQHandler          0x800'0641    0x8  Code  Gb  stm32l0xx_it.o [1]
TIM6_Init(unsigned short, unsigned short)
                         0x800'04b9   0x4a  Code  Gb  tim.o [1]
TIM_Enable(TIM_TypeDef *)
                         0x800'0529    0xa  Code  Gb  tim.o [1]
UART                    0x2000'0004  0x10c  Data  Gb  usart.o [1]
USART1_IRQHandler        0x800'0649   0x14  Code  Gb  stm32l0xx_it.o [1]
UartDriver::Init()       0x800'02cd   0x7c  Code  Gb  usart.o [1]
UartDriver::Receive()    0x800'03af   0x26  Code  Gb  usart.o [1]
UartDriver::Transmit()   0x800'0349   0x66  Code  Gb  usart.o [1]
[local to tim_c]::NVIC_EnableIRQ(IRQn_Type)
                         0x800'0421    0xe  Code  Lc  tim.o [1]
[local to tim_c]::NVIC_SetPriority(IRQn_Type, unsigned int)
                         0x800'042f   0x8a  Code  Lc  tim.o [1]
__aeabi_idiv0            0x800'02c9         Code  Gb  IntDivZer.o [3]
__aeabi_uidiv            0x800'0219         Code  Gb  I32DivModFast.o [3]
__aeabi_uidivmod         0x800'0219         Code  Gb  I32DivModFast.o [3]
__cmain                  0x800'07bd         Code  Gb  cmain.o [3]
__exit                   0x800'07f5   0x14  Code  Gb  exit.o [4]
__iar_copy_init3         0x800'0741   0x30  Code  Gb  copy_init3.o [3]
__iar_data_init3         0x800'0771   0x28  Code  Gb  data_init.o [3]
__iar_debug_exceptions   0x800'0876    0x1  Data  Gb  unwind_debug.o [4]
__iar_program_start      0x800'0835         Code  Gb  cstartup_M.o [3]
__iar_zero_init3         0x800'0705   0x3c  Code  Gb  zero_init3.o [3]
__low_level_init         0x800'07db    0x4  Code  Gb  low_level_init.o [2]
__vector_table           0x800'0000         Data  Gb  startup_stm32l071xx.o [1]
_call_main               0x800'07c9         Code  Gb  cmain.o [3]
_exit                    0x800'07e9         Code  Gb  cexit.o [3]
_main                    0x800'07d7         Code  Gb  cmain.o [3]
exit                     0x800'07df    0x8  Code  Gb  exit.o [2]
main                     0x800'0535   0x3c  Code  Gb  main.o [1]


[1] = C:\Users\Евгений\Pyro\EWARM\Debug\Obj
[2] = dl6M_tln.a
[3] = rt6M_tl.a
[4] = shb_l.a

  2 098 bytes of readonly  code memory
     69 bytes of readonly  data memory
  1 296 bytes of readwrite data memory

Errors: none
Warnings: 1
